<testsuites name="jest tests" tests="7" failures="0" time="2.205">
  <testsuite name="Category Component" errors="0" failures="0" skipped="0" timestamp="2019-02-03T21:55:12" time="1.522" tests="7">
    <testcase classname="Category Component should match snapshot with props" name="Category Component should match snapshot with props" time="0.016">
    </testcase>
    <testcase classname="Category Component should warn users about functionality if they are in initial page" name="Category Component should warn users about functionality if they are in initial page" time="0">
    </testcase>
    <testcase classname="Category Component should NOT warn users about functionality if they are in initial page" name="Category Component should NOT warn users about functionality if they are in initial page" time="0">
    </testcase>
    <testcase classname="Category Component should render Subtitle if they are in initial page and the number be equals the lenght of the articles" name="Category Component should render Subtitle if they are in initial page and the number be equals the lenght of the articles" time="0">
    </testcase>
    <testcase classname="Category Component should NOT render Subtitle if they are in initial page" name="Category Component should NOT render Subtitle if they are in initial page" time="0">
    </testcase>
    <testcase classname="Category Component should NOT render Clicker link if they are in initial page and equals the length of the articles" name="Category Component should NOT render Clicker link if they are in initial page and equals the length of the articles" time="0">
    </testcase>
    <testcase classname="Category Component should render Clicker link if they are in initial page" name="Category Component should render Clicker link if they are in initial page" time="0">
    </testcase>
  </testsuite>
</testsuites>